Archive member included to satisfy reference by file (symbol)

/usr/lib/gcc/arm-none-eabi/10.3.1/thumb/v6-m/nofp/libgcc.a(_udivsi3.o)
                              drivers/fsl_clock.o (__aeabi_uidiv)
/usr/lib/gcc/arm-none-eabi/10.3.1/thumb/v6-m/nofp/libgcc.a(_divsi3.o)
                              drivers/fsl_clock.o (__aeabi_idiv)
/usr/lib/gcc/arm-none-eabi/10.3.1/thumb/v6-m/nofp/libgcc.a(_dvmd_tls.o)
                              /usr/lib/gcc/arm-none-eabi/10.3.1/thumb/v6-m/nofp/libgcc.a(_udivsi3.o) (__aeabi_idiv0)
/usr/lib/gcc/arm-none-eabi/10.3.1/../../../arm-none-eabi/lib/thumb/v6-m/nofp/libc.a(lib_a-atexit.o)
                              /usr/lib/gcc/arm-none-eabi/10.3.1/../../../arm-none-eabi/lib/thumb/v6-m/nofp/crt0.o (atexit)
/usr/lib/gcc/arm-none-eabi/10.3.1/../../../arm-none-eabi/lib/thumb/v6-m/nofp/libc.a(lib_a-exit.o)
                              /usr/lib/gcc/arm-none-eabi/10.3.1/../../../arm-none-eabi/lib/thumb/v6-m/nofp/crt0.o (exit)
/usr/lib/gcc/arm-none-eabi/10.3.1/../../../arm-none-eabi/lib/thumb/v6-m/nofp/libc.a(lib_a-fini.o)
                              /usr/lib/gcc/arm-none-eabi/10.3.1/../../../arm-none-eabi/lib/thumb/v6-m/nofp/crt0.o (__libc_fini_array)
/usr/lib/gcc/arm-none-eabi/10.3.1/../../../arm-none-eabi/lib/thumb/v6-m/nofp/libc.a(lib_a-impure.o)
                              /usr/lib/gcc/arm-none-eabi/10.3.1/../../../arm-none-eabi/lib/thumb/v6-m/nofp/libc.a(lib_a-exit.o) (_global_impure_ptr)
/usr/lib/gcc/arm-none-eabi/10.3.1/../../../arm-none-eabi/lib/thumb/v6-m/nofp/libc.a(lib_a-init.o)
                              /usr/lib/gcc/arm-none-eabi/10.3.1/../../../arm-none-eabi/lib/thumb/v6-m/nofp/crt0.o (__libc_init_array)
/usr/lib/gcc/arm-none-eabi/10.3.1/../../../arm-none-eabi/lib/thumb/v6-m/nofp/libc.a(lib_a-malloc.o)
                              drivers/fsl_common.o (malloc)
/usr/lib/gcc/arm-none-eabi/10.3.1/../../../arm-none-eabi/lib/thumb/v6-m/nofp/libc.a(lib_a-mallocr.o)
                              /usr/lib/gcc/arm-none-eabi/10.3.1/../../../arm-none-eabi/lib/thumb/v6-m/nofp/libc.a(lib_a-malloc.o) (_malloc_r)
/usr/lib/gcc/arm-none-eabi/10.3.1/../../../arm-none-eabi/lib/thumb/v6-m/nofp/libc.a(lib_a-memcpy-stub.o)
                              drivers/fsl_ftfx_cache.o (memcpy)
/usr/lib/gcc/arm-none-eabi/10.3.1/../../../arm-none-eabi/lib/thumb/v6-m/nofp/libc.a(lib_a-memset.o)
                              /usr/lib/gcc/arm-none-eabi/10.3.1/../../../arm-none-eabi/lib/thumb/v6-m/nofp/crt0.o (memset)
/usr/lib/gcc/arm-none-eabi/10.3.1/../../../arm-none-eabi/lib/thumb/v6-m/nofp/libc.a(lib_a-mlock.o)
                              /usr/lib/gcc/arm-none-eabi/10.3.1/../../../arm-none-eabi/lib/thumb/v6-m/nofp/libc.a(lib_a-mallocr.o) (__malloc_lock)
/usr/lib/gcc/arm-none-eabi/10.3.1/../../../arm-none-eabi/lib/thumb/v6-m/nofp/libc.a(lib_a-sbrkr.o)
                              /usr/lib/gcc/arm-none-eabi/10.3.1/../../../arm-none-eabi/lib/thumb/v6-m/nofp/libc.a(lib_a-mallocr.o) (_sbrk_r)
/usr/lib/gcc/arm-none-eabi/10.3.1/../../../arm-none-eabi/lib/thumb/v6-m/nofp/libc.a(lib_a-strlen-stub.o)
                              utilities/fsl_str.o (strlen)
/usr/lib/gcc/arm-none-eabi/10.3.1/../../../arm-none-eabi/lib/thumb/v6-m/nofp/libc.a(lib_a-__atexit.o)
                              /usr/lib/gcc/arm-none-eabi/10.3.1/../../../arm-none-eabi/lib/thumb/v6-m/nofp/libc.a(lib_a-atexit.o) (__register_exitproc)
/usr/lib/gcc/arm-none-eabi/10.3.1/../../../arm-none-eabi/lib/thumb/v6-m/nofp/libc.a(lib_a-__call_atexit.o)
                              /usr/lib/gcc/arm-none-eabi/10.3.1/../../../arm-none-eabi/lib/thumb/v6-m/nofp/libc.a(lib_a-exit.o) (__call_exitprocs)
/usr/lib/gcc/arm-none-eabi/10.3.1/../../../arm-none-eabi/lib/thumb/v6-m/nofp/libc.a(lib_a-freer.o)
                              /usr/lib/gcc/arm-none-eabi/10.3.1/../../../arm-none-eabi/lib/thumb/v6-m/nofp/libc.a(lib_a-malloc.o) (_free_r)
/usr/lib/gcc/arm-none-eabi/10.3.1/../../../arm-none-eabi/lib/thumb/v6-m/nofp/libc.a(lib_a-reent.o)
                              /usr/lib/gcc/arm-none-eabi/10.3.1/../../../arm-none-eabi/lib/thumb/v6-m/nofp/libc.a(lib_a-sbrkr.o) (errno)
/usr/lib/gcc/arm-none-eabi/10.3.1/../../../arm-none-eabi/lib/thumb/v6-m/nofp/libnosys.a(sbrk.o)
                              /usr/lib/gcc/arm-none-eabi/10.3.1/../../../arm-none-eabi/lib/thumb/v6-m/nofp/libc.a(lib_a-sbrkr.o) (_sbrk)
/usr/lib/gcc/arm-none-eabi/10.3.1/../../../arm-none-eabi/lib/thumb/v6-m/nofp/libnosys.a(_exit.o)
                              /usr/lib/gcc/arm-none-eabi/10.3.1/../../../arm-none-eabi/lib/thumb/v6-m/nofp/libc.a(lib_a-exit.o) (_exit)

Discarded input sections

 .text          0x0000000000000000        0x0 /usr/lib/gcc/arm-none-eabi/10.3.1/thumb/v6-m/nofp/crti.o
 .data          0x0000000000000000        0x0 /usr/lib/gcc/arm-none-eabi/10.3.1/thumb/v6-m/nofp/crti.o
 .bss           0x0000000000000000        0x0 /usr/lib/gcc/arm-none-eabi/10.3.1/thumb/v6-m/nofp/crti.o
 .data          0x0000000000000000        0x4 /usr/lib/gcc/arm-none-eabi/10.3.1/thumb/v6-m/nofp/crtbegin.o
 .rodata        0x0000000000000000       0x24 /usr/lib/gcc/arm-none-eabi/10.3.1/thumb/v6-m/nofp/crtbegin.o
 .data          0x0000000000000000        0x0 /usr/lib/gcc/arm-none-eabi/10.3.1/../../../arm-none-eabi/lib/thumb/v6-m/nofp/crt0.o
 .bss           0x0000000000000000        0x0 /usr/lib/gcc/arm-none-eabi/10.3.1/../../../arm-none-eabi/lib/thumb/v6-m/nofp/crt0.o
 .ARM.extab     0x0000000000000000        0x0 /usr/lib/gcc/arm-none-eabi/10.3.1/../../../arm-none-eabi/lib/thumb/v6-m/nofp/crt0.o
 .data          0x0000000000000000        0x0 main.o
 .data          0x0000000000000000        0x0 BOARD/board.o
 .bss           0x0000000000000000        0x0 BOARD/board.o
 .data          0x0000000000000000        0x0 BOARD/clock_config.o
 .bss           0x0000000000000000        0x0 BOARD/clock_config.o
 .data          0x0000000000000000        0x0 BOARD/pin_mux.o
 .bss           0x0000000000000000        0x0 BOARD/pin_mux.o
 .text          0x0000000000000000       0x4c drivers/fsl_common.o
 .data          0x0000000000000000        0x0 drivers/fsl_common.o
 .bss           0x0000000000000000        0x0 drivers/fsl_common.o
 .comment       0x0000000000000000       0x34 drivers/fsl_common.o
 .ARM.attributes
                0x0000000000000000       0x2c drivers/fsl_common.o
 .data          0x0000000000000000        0x0 drivers/fsl_ftfx_cache.o
 .text          0x0000000000000000      0x1fc drivers/fsl_gpio.o
 .data          0x0000000000000000        0x0 drivers/fsl_gpio.o
 .bss           0x0000000000000000        0x0 drivers/fsl_gpio.o
 .comment       0x0000000000000000       0x34 drivers/fsl_gpio.o
 .ARM.attributes
                0x0000000000000000       0x2c drivers/fsl_gpio.o
 .data          0x0000000000000000        0x0 drivers/fsl_lpsci.o
 .data          0x0000000000000000        0x0 drivers/fsl_smc.o
 .data          0x0000000000000000        0x0 drivers/fsl_uart.o
 .text          0x0000000000000000        0x0 utilities/fsl_assert.o
 .data          0x0000000000000000        0x0 utilities/fsl_assert.o
 .bss           0x0000000000000000        0x0 utilities/fsl_assert.o
 .comment       0x0000000000000000       0x34 utilities/fsl_assert.o
 .ARM.attributes
                0x0000000000000000       0x32 utilities/fsl_assert.o
 .data          0x0000000000000000        0x0 utilities/fsl_debug_console.o
 .bss           0x0000000000000000        0x0 utilities/fsl_debug_console.o
 .data          0x0000000000000000        0x0 utilities/fsl_io.o
 .data          0x0000000000000000        0x0 utilities/fsl_log.o
 .bss           0x0000000000000000        0x0 utilities/fsl_log.o
 .data          0x0000000000000000        0x0 utilities/fsl_str.o
 .bss           0x0000000000000000        0x0 utilities/fsl_str.o
 .bss           0x0000000000000000        0x0 include/system_MKL46Z4.o
 .data          0x0000000000000000        0x0 startup_MKL46Z4.o
 .bss           0x0000000000000000        0x0 startup_MKL46Z4.o
 .data          0x0000000000000000        0x0 /usr/lib/gcc/arm-none-eabi/10.3.1/thumb/v6-m/nofp/libgcc.a(_udivsi3.o)
 .bss           0x0000000000000000        0x0 /usr/lib/gcc/arm-none-eabi/10.3.1/thumb/v6-m/nofp/libgcc.a(_udivsi3.o)
 .data          0x0000000000000000        0x0 /usr/lib/gcc/arm-none-eabi/10.3.1/thumb/v6-m/nofp/libgcc.a(_divsi3.o)
 .bss           0x0000000000000000        0x0 /usr/lib/gcc/arm-none-eabi/10.3.1/thumb/v6-m/nofp/libgcc.a(_divsi3.o)
 .data          0x0000000000000000        0x0 /usr/lib/gcc/arm-none-eabi/10.3.1/thumb/v6-m/nofp/libgcc.a(_dvmd_tls.o)
 .bss           0x0000000000000000        0x0 /usr/lib/gcc/arm-none-eabi/10.3.1/thumb/v6-m/nofp/libgcc.a(_dvmd_tls.o)
 .data          0x0000000000000000        0x0 /usr/lib/gcc/arm-none-eabi/10.3.1/../../../arm-none-eabi/lib/thumb/v6-m/nofp/libc.a(lib_a-atexit.o)
 .bss           0x0000000000000000        0x0 /usr/lib/gcc/arm-none-eabi/10.3.1/../../../arm-none-eabi/lib/thumb/v6-m/nofp/libc.a(lib_a-atexit.o)
 .data          0x0000000000000000        0x0 /usr/lib/gcc/arm-none-eabi/10.3.1/../../../arm-none-eabi/lib/thumb/v6-m/nofp/libc.a(lib_a-exit.o)
 .bss           0x0000000000000000        0x0 /usr/lib/gcc/arm-none-eabi/10.3.1/../../../arm-none-eabi/lib/thumb/v6-m/nofp/libc.a(lib_a-exit.o)
 .data          0x0000000000000000        0x0 /usr/lib/gcc/arm-none-eabi/10.3.1/../../../arm-none-eabi/lib/thumb/v6-m/nofp/libc.a(lib_a-fini.o)
 .bss           0x0000000000000000        0x0 /usr/lib/gcc/arm-none-eabi/10.3.1/../../../arm-none-eabi/lib/thumb/v6-m/nofp/libc.a(lib_a-fini.o)
 .text          0x0000000000000000        0x0 /usr/lib/gcc/arm-none-eabi/10.3.1/../../../arm-none-eabi/lib/thumb/v6-m/nofp/libc.a(lib_a-impure.o)
 .bss           0x0000000000000000        0x0 /usr/lib/gcc/arm-none-eabi/10.3.1/../../../arm-none-eabi/lib/thumb/v6-m/nofp/libc.a(lib_a-impure.o)
 .data          0x0000000000000000        0x0 /usr/lib/gcc/arm-none-eabi/10.3.1/../../../arm-none-eabi/lib/thumb/v6-m/nofp/libc.a(lib_a-init.o)
 .bss           0x0000000000000000        0x0 /usr/lib/gcc/arm-none-eabi/10.3.1/../../../arm-none-eabi/lib/thumb/v6-m/nofp/libc.a(lib_a-init.o)
 .text          0x0000000000000000       0x28 /usr/lib/gcc/arm-none-eabi/10.3.1/../../../arm-none-eabi/lib/thumb/v6-m/nofp/libc.a(lib_a-malloc.o)
 .data          0x0000000000000000        0x0 /usr/lib/gcc/arm-none-eabi/10.3.1/../../../arm-none-eabi/lib/thumb/v6-m/nofp/libc.a(lib_a-malloc.o)
 .bss           0x0000000000000000        0x0 /usr/lib/gcc/arm-none-eabi/10.3.1/../../../arm-none-eabi/lib/thumb/v6-m/nofp/libc.a(lib_a-malloc.o)
 .debug_info    0x0000000000000000      0x998 /usr/lib/gcc/arm-none-eabi/10.3.1/../../../arm-none-eabi/lib/thumb/v6-m/nofp/libc.a(lib_a-malloc.o)
 .debug_abbrev  0x0000000000000000      0x21a /usr/lib/gcc/arm-none-eabi/10.3.1/../../../arm-none-eabi/lib/thumb/v6-m/nofp/libc.a(lib_a-malloc.o)
 .debug_loc     0x0000000000000000       0x64 /usr/lib/gcc/arm-none-eabi/10.3.1/../../../arm-none-eabi/lib/thumb/v6-m/nofp/libc.a(lib_a-malloc.o)
 .debug_aranges
                0x0000000000000000       0x20 /usr/lib/gcc/arm-none-eabi/10.3.1/../../../arm-none-eabi/lib/thumb/v6-m/nofp/libc.a(lib_a-malloc.o)
 .debug_line    0x0000000000000000      0x165 /usr/lib/gcc/arm-none-eabi/10.3.1/../../../arm-none-eabi/lib/thumb/v6-m/nofp/libc.a(lib_a-malloc.o)
 .debug_str     0x0000000000000000      0x58f /usr/lib/gcc/arm-none-eabi/10.3.1/../../../arm-none-eabi/lib/thumb/v6-m/nofp/libc.a(lib_a-malloc.o)
 .comment       0x0000000000000000       0x34 /usr/lib/gcc/arm-none-eabi/10.3.1/../../../arm-none-eabi/lib/thumb/v6-m/nofp/libc.a(lib_a-malloc.o)
 .debug_frame   0x0000000000000000       0x40 /usr/lib/gcc/arm-none-eabi/10.3.1/../../../arm-none-eabi/lib/thumb/v6-m/nofp/libc.a(lib_a-malloc.o)
 .ARM.attributes
                0x0000000000000000       0x2c /usr/lib/gcc/arm-none-eabi/10.3.1/../../../arm-none-eabi/lib/thumb/v6-m/nofp/libc.a(lib_a-malloc.o)
 .text          0x0000000000000000      0x574 /usr/lib/gcc/arm-none-eabi/10.3.1/../../../arm-none-eabi/lib/thumb/v6-m/nofp/libc.a(lib_a-mallocr.o)
 .data          0x0000000000000000      0x410 /usr/lib/gcc/arm-none-eabi/10.3.1/../../../arm-none-eabi/lib/thumb/v6-m/nofp/libc.a(lib_a-mallocr.o)
 .bss           0x0000000000000000       0x34 /usr/lib/gcc/arm-none-eabi/10.3.1/../../../arm-none-eabi/lib/thumb/v6-m/nofp/libc.a(lib_a-mallocr.o)
 .debug_info    0x0000000000000000      0xe80 /usr/lib/gcc/arm-none-eabi/10.3.1/../../../arm-none-eabi/lib/thumb/v6-m/nofp/libc.a(lib_a-mallocr.o)
 .debug_abbrev  0x0000000000000000      0x2f6 /usr/lib/gcc/arm-none-eabi/10.3.1/../../../arm-none-eabi/lib/thumb/v6-m/nofp/libc.a(lib_a-mallocr.o)
 .debug_loc     0x0000000000000000      0xef0 /usr/lib/gcc/arm-none-eabi/10.3.1/../../../arm-none-eabi/lib/thumb/v6-m/nofp/libc.a(lib_a-mallocr.o)
 .debug_aranges
                0x0000000000000000       0x20 /usr/lib/gcc/arm-none-eabi/10.3.1/../../../arm-none-eabi/lib/thumb/v6-m/nofp/libc.a(lib_a-mallocr.o)
 .debug_ranges  0x0000000000000000       0x50 /usr/lib/gcc/arm-none-eabi/10.3.1/../../../arm-none-eabi/lib/thumb/v6-m/nofp/libc.a(lib_a-mallocr.o)
 .debug_line    0x0000000000000000      0x8e2 /usr/lib/gcc/arm-none-eabi/10.3.1/../../../arm-none-eabi/lib/thumb/v6-m/nofp/libc.a(lib_a-mallocr.o)
 .debug_str     0x0000000000000000      0x780 /usr/lib/gcc/arm-none-eabi/10.3.1/../../../arm-none-eabi/lib/thumb/v6-m/nofp/libc.a(lib_a-mallocr.o)
 .comment       0x0000000000000000       0x34 /usr/lib/gcc/arm-none-eabi/10.3.1/../../../arm-none-eabi/lib/thumb/v6-m/nofp/libc.a(lib_a-mallocr.o)
 .debug_frame   0x0000000000000000       0x3c /usr/lib/gcc/arm-none-eabi/10.3.1/../../../arm-none-eabi/lib/thumb/v6-m/nofp/libc.a(lib_a-mallocr.o)
 .ARM.attributes
                0x0000000000000000       0x2c /usr/lib/gcc/arm-none-eabi/10.3.1/../../../arm-none-eabi/lib/thumb/v6-m/nofp/libc.a(lib_a-mallocr.o)
 .data          0x0000000000000000        0x0 /usr/lib/gcc/arm-none-eabi/10.3.1/../../../arm-none-eabi/lib/thumb/v6-m/nofp/libc.a(lib_a-memcpy-stub.o)
 .bss           0x0000000000000000        0x0 /usr/lib/gcc/arm-none-eabi/10.3.1/../../../arm-none-eabi/lib/thumb/v6-m/nofp/libc.a(lib_a-memcpy-stub.o)
 .data          0x0000000000000000        0x0 /usr/lib/gcc/arm-none-eabi/10.3.1/../../../arm-none-eabi/lib/thumb/v6-m/nofp/libc.a(lib_a-memset.o)
 .bss           0x0000000000000000        0x0 /usr/lib/gcc/arm-none-eabi/10.3.1/../../../arm-none-eabi/lib/thumb/v6-m/nofp/libc.a(lib_a-memset.o)
 .text          0x0000000000000000        0x8 /usr/lib/gcc/arm-none-eabi/10.3.1/../../../arm-none-eabi/lib/thumb/v6-m/nofp/libc.a(lib_a-mlock.o)
 .data          0x0000000000000000        0x0 /usr/lib/gcc/arm-none-eabi/10.3.1/../../../arm-none-eabi/lib/thumb/v6-m/nofp/libc.a(lib_a-mlock.o)
 .bss           0x0000000000000000        0x0 /usr/lib/gcc/arm-none-eabi/10.3.1/../../../arm-none-eabi/lib/thumb/v6-m/nofp/libc.a(lib_a-mlock.o)
 .debug_info    0x0000000000000000      0x942 /usr/lib/gcc/arm-none-eabi/10.3.1/../../../arm-none-eabi/lib/thumb/v6-m/nofp/libc.a(lib_a-mlock.o)
 .debug_abbrev  0x0000000000000000      0x1f0 /usr/lib/gcc/arm-none-eabi/10.3.1/../../../arm-none-eabi/lib/thumb/v6-m/nofp/libc.a(lib_a-mlock.o)
 .debug_aranges
                0x0000000000000000       0x20 /usr/lib/gcc/arm-none-eabi/10.3.1/../../../arm-none-eabi/lib/thumb/v6-m/nofp/libc.a(lib_a-mlock.o)
 .debug_line    0x0000000000000000      0x13e /usr/lib/gcc/arm-none-eabi/10.3.1/../../../arm-none-eabi/lib/thumb/v6-m/nofp/libc.a(lib_a-mlock.o)
 .debug_str     0x0000000000000000      0x588 /usr/lib/gcc/arm-none-eabi/10.3.1/../../../arm-none-eabi/lib/thumb/v6-m/nofp/libc.a(lib_a-mlock.o)
 .comment       0x0000000000000000       0x34 /usr/lib/gcc/arm-none-eabi/10.3.1/../../../arm-none-eabi/lib/thumb/v6-m/nofp/libc.a(lib_a-mlock.o)
 .debug_frame   0x0000000000000000       0x30 /usr/lib/gcc/arm-none-eabi/10.3.1/../../../arm-none-eabi/lib/thumb/v6-m/nofp/libc.a(lib_a-mlock.o)
 .ARM.attributes
                0x0000000000000000       0x2c /usr/lib/gcc/arm-none-eabi/10.3.1/../../../arm-none-eabi/lib/thumb/v6-m/nofp/libc.a(lib_a-mlock.o)
 .text          0x0000000000000000       0x24 /usr/lib/gcc/arm-none-eabi/10.3.1/../../../arm-none-eabi/lib/thumb/v6-m/nofp/libc.a(lib_a-sbrkr.o)
 .data          0x0000000000000000        0x0 /usr/lib/gcc/arm-none-eabi/10.3.1/../../../arm-none-eabi/lib/thumb/v6-m/nofp/libc.a(lib_a-sbrkr.o)
 .bss           0x0000000000000000        0x0 /usr/lib/gcc/arm-none-eabi/10.3.1/../../../arm-none-eabi/lib/thumb/v6-m/nofp/libc.a(lib_a-sbrkr.o)
 .debug_info    0x0000000000000000      0x98e /usr/lib/gcc/arm-none-eabi/10.3.1/../../../arm-none-eabi/lib/thumb/v6-m/nofp/libc.a(lib_a-sbrkr.o)
 .debug_abbrev  0x0000000000000000      0x23d /usr/lib/gcc/arm-none-eabi/10.3.1/../../../arm-none-eabi/lib/thumb/v6-m/nofp/libc.a(lib_a-sbrkr.o)
 .debug_loc     0x0000000000000000       0x79 /usr/lib/gcc/arm-none-eabi/10.3.1/../../../arm-none-eabi/lib/thumb/v6-m/nofp/libc.a(lib_a-sbrkr.o)
 .debug_aranges
                0x0000000000000000       0x20 /usr/lib/gcc/arm-none-eabi/10.3.1/../../../arm-none-eabi/lib/thumb/v6-m/nofp/libc.a(lib_a-sbrkr.o)
 .debug_line    0x0000000000000000      0x183 /usr/lib/gcc/arm-none-eabi/10.3.1/../../../arm-none-eabi/lib/thumb/v6-m/nofp/libc.a(lib_a-sbrkr.o)
 .debug_str     0x0000000000000000      0x572 /usr/lib/gcc/arm-none-eabi/10.3.1/../../../arm-none-eabi/lib/thumb/v6-m/nofp/libc.a(lib_a-sbrkr.o)
 .comment       0x0000000000000000       0x34 /usr/lib/gcc/arm-none-eabi/10.3.1/../../../arm-none-eabi/lib/thumb/v6-m/nofp/libc.a(lib_a-sbrkr.o)
 .debug_frame   0x0000000000000000       0x2c /usr/lib/gcc/arm-none-eabi/10.3.1/../../../arm-none-eabi/lib/thumb/v6-m/nofp/libc.a(lib_a-sbrkr.o)
 .ARM.attributes
                0x0000000000000000       0x2c /usr/lib/gcc/arm-none-eabi/10.3.1/../../../arm-none-eabi/lib/thumb/v6-m/nofp/libc.a(lib_a-sbrkr.o)
 .data          0x0000000000000000        0x0 /usr/lib/gcc/arm-none-eabi/10.3.1/../../../arm-none-eabi/lib/thumb/v6-m/nofp/libc.a(lib_a-strlen-stub.o)
 .bss           0x0000000000000000        0x0 /usr/lib/gcc/arm-none-eabi/10.3.1/../../../arm-none-eabi/lib/thumb/v6-m/nofp/libc.a(lib_a-strlen-stub.o)
 .data          0x0000000000000000        0x0 /usr/lib/gcc/arm-none-eabi/10.3.1/../../../arm-none-eabi/lib/thumb/v6-m/nofp/libc.a(lib_a-__atexit.o)
 .bss           0x0000000000000000        0x0 /usr/lib/gcc/arm-none-eabi/10.3.1/../../../arm-none-eabi/lib/thumb/v6-m/nofp/libc.a(lib_a-__atexit.o)
 .data          0x0000000000000000        0x0 /usr/lib/gcc/arm-none-eabi/10.3.1/../../../arm-none-eabi/lib/thumb/v6-m/nofp/libc.a(lib_a-__call_atexit.o)
 .bss           0x0000000000000000        0x0 /usr/lib/gcc/arm-none-eabi/10.3.1/../../../arm-none-eabi/lib/thumb/v6-m/nofp/libc.a(lib_a-__call_atexit.o)
 .text          0x0000000000000000      0x260 /usr/lib/gcc/arm-none-eabi/10.3.1/../../../arm-none-eabi/lib/thumb/v6-m/nofp/libc.a(lib_a-freer.o)
 .data          0x0000000000000000        0x0 /usr/lib/gcc/arm-none-eabi/10.3.1/../../../arm-none-eabi/lib/thumb/v6-m/nofp/libc.a(lib_a-freer.o)
 .bss           0x0000000000000000        0x0 /usr/lib/gcc/arm-none-eabi/10.3.1/../../../arm-none-eabi/lib/thumb/v6-m/nofp/libc.a(lib_a-freer.o)
 .debug_info    0x0000000000000000      0xce5 /usr/lib/gcc/arm-none-eabi/10.3.1/../../../arm-none-eabi/lib/thumb/v6-m/nofp/libc.a(lib_a-freer.o)
 .debug_abbrev  0x0000000000000000      0x2a1 /usr/lib/gcc/arm-none-eabi/10.3.1/../../../arm-none-eabi/lib/thumb/v6-m/nofp/libc.a(lib_a-freer.o)
 .debug_loc     0x0000000000000000      0x4e3 /usr/lib/gcc/arm-none-eabi/10.3.1/../../../arm-none-eabi/lib/thumb/v6-m/nofp/libc.a(lib_a-freer.o)
 .debug_aranges
                0x0000000000000000       0x20 /usr/lib/gcc/arm-none-eabi/10.3.1/../../../arm-none-eabi/lib/thumb/v6-m/nofp/libc.a(lib_a-freer.o)
 .debug_line    0x0000000000000000      0x47d /usr/lib/gcc/arm-none-eabi/10.3.1/../../../arm-none-eabi/lib/thumb/v6-m/nofp/libc.a(lib_a-freer.o)
 .debug_str     0x0000000000000000      0x6ca /usr/lib/gcc/arm-none-eabi/10.3.1/../../../arm-none-eabi/lib/thumb/v6-m/nofp/libc.a(lib_a-freer.o)
 .comment       0x0000000000000000       0x34 /usr/lib/gcc/arm-none-eabi/10.3.1/../../../arm-none-eabi/lib/thumb/v6-m/nofp/libc.a(lib_a-freer.o)
 .debug_frame   0x0000000000000000       0x54 /usr/lib/gcc/arm-none-eabi/10.3.1/../../../arm-none-eabi/lib/thumb/v6-m/nofp/libc.a(lib_a-freer.o)
 .ARM.attributes
                0x0000000000000000       0x2c /usr/lib/gcc/arm-none-eabi/10.3.1/../../../arm-none-eabi/lib/thumb/v6-m/nofp/libc.a(lib_a-freer.o)
 .text          0x0000000000000000       0xf0 /usr/lib/gcc/arm-none-eabi/10.3.1/../../../arm-none-eabi/lib/thumb/v6-m/nofp/libc.a(lib_a-reent.o)
 .data          0x0000000000000000        0x0 /usr/lib/gcc/arm-none-eabi/10.3.1/../../../arm-none-eabi/lib/thumb/v6-m/nofp/libc.a(lib_a-reent.o)
 .bss           0x0000000000000000        0x4 /usr/lib/gcc/arm-none-eabi/10.3.1/../../../arm-none-eabi/lib/thumb/v6-m/nofp/libc.a(lib_a-reent.o)
 .debug_info    0x0000000000000000      0xbe1 /usr/lib/gcc/arm-none-eabi/10.3.1/../../../arm-none-eabi/lib/thumb/v6-m/nofp/libc.a(lib_a-reent.o)
 .debug_abbrev  0x0000000000000000      0x2d0 /usr/lib/gcc/arm-none-eabi/10.3.1/../../../arm-none-eabi/lib/thumb/v6-m/nofp/libc.a(lib_a-reent.o)
 .debug_loc     0x0000000000000000      0x1e0 /usr/lib/gcc/arm-none-eabi/10.3.1/../../../arm-none-eabi/lib/thumb/v6-m/nofp/libc.a(lib_a-reent.o)
 .debug_aranges
                0x0000000000000000       0x20 /usr/lib/gcc/arm-none-eabi/10.3.1/../../../arm-none-eabi/lib/thumb/v6-m/nofp/libc.a(lib_a-reent.o)
 .debug_line    0x0000000000000000      0x27e /usr/lib/gcc/arm-none-eabi/10.3.1/../../../arm-none-eabi/lib/thumb/v6-m/nofp/libc.a(lib_a-reent.o)
 .debug_str     0x0000000000000000      0x59a /usr/lib/gcc/arm-none-eabi/10.3.1/../../../arm-none-eabi/lib/thumb/v6-m/nofp/libc.a(lib_a-reent.o)
 .comment       0x0000000000000000       0x34 /usr/lib/gcc/arm-none-eabi/10.3.1/../../../arm-none-eabi/lib/thumb/v6-m/nofp/libc.a(lib_a-reent.o)
 .debug_frame   0x0000000000000000       0x50 /usr/lib/gcc/arm-none-eabi/10.3.1/../../../arm-none-eabi/lib/thumb/v6-m/nofp/libc.a(lib_a-reent.o)
 .ARM.attributes
                0x0000000000000000       0x2c /usr/lib/gcc/arm-none-eabi/10.3.1/../../../arm-none-eabi/lib/thumb/v6-m/nofp/libc.a(lib_a-reent.o)
 .text          0x0000000000000000       0x1c /usr/lib/gcc/arm-none-eabi/10.3.1/../../../arm-none-eabi/lib/thumb/v6-m/nofp/libnosys.a(sbrk.o)
 .data          0x0000000000000000        0x0 /usr/lib/gcc/arm-none-eabi/10.3.1/../../../arm-none-eabi/lib/thumb/v6-m/nofp/libnosys.a(sbrk.o)
 .bss           0x0000000000000000        0x4 /usr/lib/gcc/arm-none-eabi/10.3.1/../../../arm-none-eabi/lib/thumb/v6-m/nofp/libnosys.a(sbrk.o)
 .debug_info    0x0000000000000000       0x9d /usr/lib/gcc/arm-none-eabi/10.3.1/../../../arm-none-eabi/lib/thumb/v6-m/nofp/libnosys.a(sbrk.o)
 .debug_abbrev  0x0000000000000000       0xa2 /usr/lib/gcc/arm-none-eabi/10.3.1/../../../arm-none-eabi/lib/thumb/v6-m/nofp/libnosys.a(sbrk.o)
 .debug_loc     0x0000000000000000       0x58 /usr/lib/gcc/arm-none-eabi/10.3.1/../../../arm-none-eabi/lib/thumb/v6-m/nofp/libnosys.a(sbrk.o)
 .debug_aranges
                0x0000000000000000       0x20 /usr/lib/gcc/arm-none-eabi/10.3.1/../../../arm-none-eabi/lib/thumb/v6-m/nofp/libnosys.a(sbrk.o)
 .debug_line    0x0000000000000000       0x86 /usr/lib/gcc/arm-none-eabi/10.3.1/../../../arm-none-eabi/lib/thumb/v6-m/nofp/libnosys.a(sbrk.o)
 .debug_str     0x0000000000000000      0x10a /usr/lib/gcc/arm-none-eabi/10.3.1/../../../arm-none-eabi/lib/thumb/v6-m/nofp/libnosys.a(sbrk.o)
 .comment       0x0000000000000000       0x34 /usr/lib/gcc/arm-none-eabi/10.3.1/../../../arm-none-eabi/lib/thumb/v6-m/nofp/libnosys.a(sbrk.o)
 .debug_frame   0x0000000000000000       0x20 /usr/lib/gcc/arm-none-eabi/10.3.1/../../../arm-none-eabi/lib/thumb/v6-m/nofp/libnosys.a(sbrk.o)
 .ARM.attributes
                0x0000000000000000       0x2c /usr/lib/gcc/arm-none-eabi/10.3.1/../../../arm-none-eabi/lib/thumb/v6-m/nofp/libnosys.a(sbrk.o)
 .data          0x0000000000000000        0x0 /usr/lib/gcc/arm-none-eabi/10.3.1/../../../arm-none-eabi/lib/thumb/v6-m/nofp/libnosys.a(_exit.o)
 .bss           0x0000000000000000        0x0 /usr/lib/gcc/arm-none-eabi/10.3.1/../../../arm-none-eabi/lib/thumb/v6-m/nofp/libnosys.a(_exit.o)
 .text          0x0000000000000000        0x0 /usr/lib/gcc/arm-none-eabi/10.3.1/thumb/v6-m/nofp/crtend.o
 .data          0x0000000000000000        0x0 /usr/lib/gcc/arm-none-eabi/10.3.1/thumb/v6-m/nofp/crtend.o
 .bss           0x0000000000000000        0x0 /usr/lib/gcc/arm-none-eabi/10.3.1/thumb/v6-m/nofp/crtend.o
 .rodata        0x0000000000000000       0x24 /usr/lib/gcc/arm-none-eabi/10.3.1/thumb/v6-m/nofp/crtend.o
 .eh_frame      0x0000000000000000        0x4 /usr/lib/gcc/arm-none-eabi/10.3.1/thumb/v6-m/nofp/crtend.o
 .text          0x0000000000000000        0x0 /usr/lib/gcc/arm-none-eabi/10.3.1/thumb/v6-m/nofp/crtn.o
 .data          0x0000000000000000        0x0 /usr/lib/gcc/arm-none-eabi/10.3.1/thumb/v6-m/nofp/crtn.o
 .bss           0x0000000000000000        0x0 /usr/lib/gcc/arm-none-eabi/10.3.1/thumb/v6-m/nofp/crtn.o

Memory Configuration

Name             Origin             Length             Attributes
m_interrupts     0x0000000000000000 0x0000000000000200 xr
m_flash_config   0x0000000000000400 0x0000000000000010 xr
m_text           0x0000000000000410 0x000000000003fbf0 xr
m_data           0x000000001fffe000 0x0000000000008000 rw
*default*        0x0000000000000000 0xffffffffffffffff

Linker script and memory map

LOAD /usr/lib/gcc/arm-none-eabi/10.3.1/thumb/v6-m/nofp/crti.o
LOAD /usr/lib/gcc/arm-none-eabi/10.3.1/thumb/v6-m/nofp/crtbegin.o
LOAD /usr/lib/gcc/arm-none-eabi/10.3.1/../../../arm-none-eabi/lib/thumb/v6-m/nofp/crt0.o
LOAD main.o
LOAD BOARD/board.o
LOAD BOARD/clock_config.o
LOAD BOARD/pin_mux.o
LOAD drivers/fsl_clock.o
LOAD drivers/fsl_common.o
LOAD drivers/fsl_ftfx_cache.o
LOAD drivers/fsl_gpio.o
LOAD drivers/fsl_lpsci.o
LOAD drivers/fsl_smc.o
LOAD drivers/fsl_uart.o
LOAD utilities/fsl_assert.o
LOAD utilities/fsl_debug_console.o
LOAD utilities/fsl_io.o
LOAD utilities/fsl_log.o
LOAD utilities/fsl_str.o
LOAD include/system_MKL46Z4.o
LOAD startup_MKL46Z4.o
                0x0000000000000400                HEAP_SIZE = DEFINED (__heap_size__)?__heap_size__:0x400
                0x0000000000000400                STACK_SIZE = DEFINED (__stack_size__)?__stack_size__:0x400

.interrupts     0x0000000000000000       0xc0
                0x0000000000000000                . = ALIGN (0x4)
 *(.isr_vector)
 .isr_vector    0x0000000000000000       0xc0 startup_MKL46Z4.o
                0x0000000000000000                __isr_vector
                0x00000000000000c0                . = ALIGN (0x4)

.flash_config   0x0000000000000400       0x10
                0x0000000000000400                . = ALIGN (0x4)
 *(.FlashConfig)
 .FlashConfig   0x0000000000000400       0x10 startup_MKL46Z4.o
                0x0000000000000410                . = ALIGN (0x4)

.text           0x0000000000000410     0x3fac
                0x0000000000000410                . = ALIGN (0x4)
 *(.text)
 .text          0x0000000000000410       0x98 /usr/lib/gcc/arm-none-eabi/10.3.1/thumb/v6-m/nofp/crtbegin.o
 .text          0x00000000000004a8       0x74 /usr/lib/gcc/arm-none-eabi/10.3.1/../../../arm-none-eabi/lib/thumb/v6-m/nofp/crt0.o
                0x00000000000004a8                _stack_init
                0x00000000000004b4                _mainCRTStartup
                0x00000000000004b4                _start
 .text          0x000000000000051c      0x250 main.o
                0x000000000000051c                setup_io
                0x00000000000005b4                disable_button_interrupts
                0x00000000000005d0                disable_watchdog
                0x00000000000005e0                set_leds
                0x000000000000060c                actualizar_leds
                0x0000000000000640                alternar_porta
                0x000000000000064c                comprobar_seguridade
                0x000000000000066c                print_debug
                0x00000000000006dc                PORTC_PORTD_IRQHandler
 .text          0x000000000000076c       0x38 BOARD/board.o
                0x000000000000076c                BOARD_InitDebugConsole
 .text          0x00000000000007a4       0xc0 BOARD/clock_config.o
                0x00000000000007a4                BOARD_BootClockRUN
                0x0000000000000810                BOARD_BootClockVLPR
 .text          0x0000000000000864       0x44 BOARD/pin_mux.o
                0x0000000000000864                BOARD_InitPins
 .text          0x00000000000008a8      0xeac drivers/fsl_clock.o
                0x000000000000090c                CLOCK_GetOsc0ErClkFreq
                0x0000000000000928                CLOCK_GetEr32kClkFreq
                0x0000000000000974                CLOCK_SetSimConfig
                0x00000000000009c0                CLOCK_EnableUsbfs0Clock
                0x0000000000000a20                CLOCK_GetFllFreq
                0x0000000000000a70                CLOCK_GetPllFllSelClkFreq
                0x0000000000000abc                CLOCK_GetOutClkFreq
                0x0000000000000b28                CLOCK_GetBusClkFreq
                0x0000000000000b54                CLOCK_GetCoreSysClkFreq
                0x0000000000000b74                CLOCK_GetPlatClkFreq
                0x0000000000000b94                CLOCK_GetFlashClkFreq
                0x0000000000000bc0                CLOCK_GetFreq
                0x0000000000000cc0                CLOCK_GetInternalRefClkFreq
                0x0000000000000cf0                CLOCK_GetFixedFreqClkFreq
                0x0000000000000d24                CLOCK_GetPll0Freq
                0x0000000000000d54                CLOCK_SetExternalRefClkConfig
                0x0000000000000d58                CLOCK_SetInternalRefClkConfig
                0x0000000000000dd8                CLOCK_CalcPllDiv
                0x0000000000000ee8                CLOCK_EnablePll0
                0x0000000000000f18                CLOCK_SetOsc0MonitorMode
                0x0000000000000f54                CLOCK_SetPll0MonitorMode
                0x0000000000000f8c                CLOCK_GetStatusFlags
                0x0000000000000fbc                CLOCK_ClearStatusFlags
                0x0000000000000fdc                CLOCK_InitOsc0
                0x000000000000104c                CLOCK_DeinitOsc0
                0x0000000000001068                CLOCK_TrimInternalRefClk
                0x0000000000001138                CLOCK_GetMode
                0x000000000000118c                CLOCK_SetFeiMode
                0x00000000000011f0                CLOCK_SetFeeMode
                0x0000000000001284                CLOCK_SetFbiMode
                0x00000000000012f4                CLOCK_SetFbeMode
                0x0000000000001378                CLOCK_SetBlpiMode
                0x000000000000138c                CLOCK_SetBlpeMode
                0x00000000000013a0                CLOCK_SetPbeMode
                0x00000000000013f4                CLOCK_SetPeeMode
                0x0000000000001414                CLOCK_ExternalModeToFbeModeQuick
                0x0000000000001450                CLOCK_InternalModeToFbiModeQuick
                0x000000000000147c                CLOCK_BootToFeiMode
                0x0000000000001484                CLOCK_BootToFeeMode
                0x0000000000001494                CLOCK_BootToBlpiMode
                0x00000000000014cc                CLOCK_BootToBlpeMode
                0x0000000000001504                CLOCK_BootToPeeMode
                0x000000000000152c                CLOCK_SetMcgConfig
 .text          0x0000000000001754       0xe8 drivers/fsl_ftfx_cache.o
                0x0000000000001754                FTFx_CACHE_Init
                0x0000000000001780                FTFx_CACHE_ClearCachePrefetchSpeculation
                0x00000000000017a0                FTFx_CACHE_PflashSetPrefetchSpeculation
                0x00000000000017f8                FTFx_CACHE_PflashGetPrefetchSpeculation
                0x0000000000001824                mcm_flash_cache_clear
 .text          0x000000000000183c      0xa48 drivers/fsl_lpsci.o
                0x000000000000183c                LPSCI_TransferHandleIRQ
                0x0000000000001b20                LPSCI_GetInstance
                0x0000000000001b30                LPSCI_TransferGetRxRingBufferLength
                0x0000000000001b4c                LPSCI_Init
                0x0000000000001c8c                LPSCI_Deinit
                0x0000000000001ca8                LPSCI_GetDefaultConfig
                0x0000000000001cb8                LPSCI_SetBaudRate
                0x0000000000001d94                LPSCI_EnableInterrupts
                0x0000000000001db8                LPSCI_DisableInterrupts
                0x0000000000001dd8                LPSCI_GetEnabledInterrupts
                0x0000000000001df4                LPSCI_GetStatusFlags
                0x0000000000001e00                LPSCI_ClearStatusFlags
                0x0000000000001e54                LPSCI_WriteBlocking
                0x0000000000001e70                LPSCI_ReadBlocking
                0x0000000000001f50                LPSCI_TransferCreateHandle
                0x0000000000001fa4                LPSCI_TransferStartRingBuffer
                0x0000000000001fe0                LPSCI_TransferStopRingBuffer
                0x000000000000202c                LPSCI_TransferSendNonBlocking
                0x0000000000002064                LPSCI_TransferAbortSend
                0x0000000000002084                LPSCI_TransferGetSendCount
                0x000000000000209c                LPSCI_TransferReceiveNonBlocking
                0x0000000000002210                LPSCI_TransferAbortReceive
                0x0000000000002254                LPSCI_TransferGetReceiveCount
                0x000000000000226c                LPSCI_TransferHandleErrorIRQ
                0x0000000000002270                UART0_DriverIRQHandler
 .text          0x0000000000002284      0x1e0 drivers/fsl_smc.o
                0x0000000000002284                SMC_PreEnterStopModes
                0x00000000000022b0                SMC_PostExitStopModes
                0x00000000000022d8                SMC_PreEnterWaitModes
                0x00000000000022ec                SMC_PostExitWaitModes
                0x0000000000002300                SMC_SetPowerModeRun
                0x000000000000230c                SMC_SetPowerModeWait
                0x0000000000002328                SMC_SetPowerModeStop
                0x0000000000002368                SMC_SetPowerModeVlpr
                0x0000000000002378                SMC_SetPowerModeVlpw
                0x0000000000002394                SMC_SetPowerModeVlps
                0x00000000000023cc                SMC_SetPowerModeLls
                0x0000000000002404                SMC_SetPowerModeVlls
 .text          0x0000000000002464      0x9dc drivers/fsl_uart.o
                0x0000000000002464                UART_TransferHandleIRQ
                0x000000000000271c                UART_GetInstance
                0x0000000000002744                UART_TransferGetRxRingBufferLength
                0x0000000000002760                UART_Init
                0x0000000000002874                UART_Deinit
                0x00000000000028c0                UART_GetDefaultConfig
                0x00000000000028d0                UART_SetBaudRate
                0x000000000000295c                UART_EnableInterrupts
                0x0000000000002980                UART_DisableInterrupts
                0x00000000000029a0                UART_GetEnabledInterrupts
                0x00000000000029bc                UART_GetStatusFlags
                0x00000000000029c8                UART_ClearStatusFlags
                0x0000000000002a04                UART_WriteBlocking
                0x0000000000002a20                UART_ReadBlocking
                0x0000000000002a94                UART_TransferCreateHandle
                0x0000000000002b0c                UART_TransferStartRingBuffer
                0x0000000000002b48                UART_TransferStopRingBuffer
                0x0000000000002b94                UART_TransferSendNonBlocking
                0x0000000000002bcc                UART_TransferAbortSend
                0x0000000000002bec                UART_TransferGetSendCount
                0x0000000000002c04                UART_TransferReceiveNonBlocking
                0x0000000000002d78                UART_TransferAbortReceive
                0x0000000000002dbc                UART_TransferGetReceiveCount
                0x0000000000002ddc                UART_TransferHandleErrorIRQ
                0x0000000000002de0                UART1_DriverIRQHandler
                0x0000000000002df8                UART1_RX_TX_DriverIRQHandler
                0x0000000000002e10                UART2_DriverIRQHandler
                0x0000000000002e28                UART2_RX_TX_DriverIRQHandler
 .text          0x0000000000002e40      0x154 utilities/fsl_debug_console.o
                0x0000000000002e98                DbgConsole_Init
                0x0000000000002ea8                DbgConsole_Deinit
                0x0000000000002eb4                DbgConsole_Flush
                0x0000000000002ebc                DbgConsole_Printf
                0x0000000000002ef8                DbgConsole_Putchar
                0x0000000000002f0c                DbgConsole_Scanf
                0x0000000000002f44                DbgConsole_Getchar
                0x0000000000002f58                _write
                0x0000000000002f7c                _read
 .text          0x0000000000002f94      0x130 utilities/fsl_io.o
                0x0000000000002f94                IO_Init
                0x0000000000002ff4                IO_Deinit
                0x0000000000003028                IO_WaitIdle
                0x0000000000003070                IO_Transfer
 .text          0x00000000000030c4       0xe4 utilities/fsl_log.o
                0x00000000000030c4                LOG_Init
                0x00000000000030e4                LOG_Deinit
                0x00000000000030ec                LOG_WaitIdle
                0x00000000000030f8                LOG_Push
                0x0000000000003114                LOG_Pop
                0x0000000000003130                LOG_ReadLine
                0x0000000000003194                LOG_ReadCharacter
 .text          0x00000000000031a8      0x610 utilities/fsl_str.o
                0x00000000000031cc                StrFormatPrintf
                0x00000000000034e4                StrFormatScanf
 .text          0x00000000000037b8      0x15c include/system_MKL46Z4.o
                0x00000000000037b8                SystemCoreClockUpdate
                0x00000000000038f8                SystemInitHook
                0x00000000000038fc                SystemInit
 .text          0x0000000000003914       0xd8 startup_MKL46Z4.o
                0x0000000000003914                Reset_Handler
                0x000000000000395c                DMA0_DriverIRQHandler
                0x000000000000395c                SPI1_DriverIRQHandler
                0x000000000000395c                I2S0_DriverIRQHandler
                0x000000000000395c                TPM0_IRQHandler
                0x000000000000395c                LLWU_IRQHandler
                0x000000000000395c                TSI0_IRQHandler
                0x000000000000395c                ADC0_IRQHandler
                0x000000000000395c                DefaultISR
                0x000000000000395c                TPM2_IRQHandler
                0x000000000000395c                RTC_IRQHandler
                0x000000000000395c                LCD_IRQHandler
                0x000000000000395c                DMA3_DriverIRQHandler
                0x000000000000395c                RTC_Seconds_IRQHandler
                0x000000000000395c                MCG_IRQHandler
                0x000000000000395c                Reserved20_IRQHandler
                0x000000000000395c                USB0_IRQHandler
                0x000000000000395c                PIT_IRQHandler
                0x000000000000395c                DMA1_DriverIRQHandler
                0x000000000000395c                I2C1_DriverIRQHandler
                0x000000000000395c                DAC0_IRQHandler
                0x000000000000395c                SPI0_DriverIRQHandler
                0x000000000000395c                TPM1_IRQHandler
                0x000000000000395c                LVD_LVW_IRQHandler
                0x000000000000395c                PORTA_IRQHandler
                0x000000000000395c                FTFA_IRQHandler
                0x000000000000395c                LPTMR0_IRQHandler
                0x000000000000395c                DMA2_DriverIRQHandler
                0x000000000000395c                I2C0_DriverIRQHandler
                0x000000000000395c                CMP0_IRQHandler
                0x0000000000003960                NMI_Handler
                0x0000000000003964                HardFault_Handler
                0x0000000000003968                SVC_Handler
                0x000000000000396c                PendSV_Handler
                0x0000000000003970                SysTick_Handler
                0x0000000000003974                DMA0_IRQHandler
                0x0000000000003978                DMA1_IRQHandler
                0x000000000000397c                DMA2_IRQHandler
                0x0000000000003980                DMA3_IRQHandler
                0x0000000000003984                I2C0_IRQHandler
                0x0000000000003988                I2C1_IRQHandler
                0x000000000000398c                SPI0_IRQHandler
                0x0000000000003990                SPI1_IRQHandler
                0x0000000000003994                UART0_IRQHandler
                0x0000000000003998                UART1_IRQHandler
                0x000000000000399c                UART2_IRQHandler
                0x00000000000039a0                I2S0_IRQHandler
 .text          0x00000000000039ec      0x114 /usr/lib/gcc/arm-none-eabi/10.3.1/thumb/v6-m/nofp/libgcc.a(_udivsi3.o)
                0x00000000000039ec                __udivsi3
                0x00000000000039ec                __aeabi_uidiv
                0x0000000000003af8                __aeabi_uidivmod
 .text          0x0000000000003b00      0x1d4 /usr/lib/gcc/arm-none-eabi/10.3.1/thumb/v6-m/nofp/libgcc.a(_divsi3.o)
                0x0000000000003b00                __aeabi_idiv
                0x0000000000003b00                __divsi3
                0x0000000000003ccc                __aeabi_idivmod
 .text          0x0000000000003cd4        0x4 /usr/lib/gcc/arm-none-eabi/10.3.1/thumb/v6-m/nofp/libgcc.a(_dvmd_tls.o)
                0x0000000000003cd4                __aeabi_ldiv0
                0x0000000000003cd4                __aeabi_idiv0
 .text          0x0000000000003cd8       0x10 /usr/lib/gcc/arm-none-eabi/10.3.1/../../../arm-none-eabi/lib/thumb/v6-m/nofp/libc.a(lib_a-atexit.o)
                0x0000000000003cd8                atexit
 .text          0x0000000000003ce8       0x20 /usr/lib/gcc/arm-none-eabi/10.3.1/../../../arm-none-eabi/lib/thumb/v6-m/nofp/libc.a(lib_a-exit.o)
                0x0000000000003ce8                exit
 .text          0x0000000000003d08       0x28 /usr/lib/gcc/arm-none-eabi/10.3.1/../../../arm-none-eabi/lib/thumb/v6-m/nofp/libc.a(lib_a-fini.o)
                0x0000000000003d08                __libc_fini_array
 .text          0x0000000000003d30       0x44 /usr/lib/gcc/arm-none-eabi/10.3.1/../../../arm-none-eabi/lib/thumb/v6-m/nofp/libc.a(lib_a-init.o)
                0x0000000000003d30                __libc_init_array
 .text          0x0000000000003d74       0xa4 /usr/lib/gcc/arm-none-eabi/10.3.1/../../../arm-none-eabi/lib/thumb/v6-m/nofp/libc.a(lib_a-memcpy-stub.o)
                0x0000000000003d74                memcpy
 .text          0x0000000000003e18       0xa8 /usr/lib/gcc/arm-none-eabi/10.3.1/../../../arm-none-eabi/lib/thumb/v6-m/nofp/libc.a(lib_a-memset.o)
                0x0000000000003e18                memset
 .text          0x0000000000003ec0       0x5c /usr/lib/gcc/arm-none-eabi/10.3.1/../../../arm-none-eabi/lib/thumb/v6-m/nofp/libc.a(lib_a-strlen-stub.o)
                0x0000000000003ec0                strlen
 .text          0x0000000000003f1c       0x88 /usr/lib/gcc/arm-none-eabi/10.3.1/../../../arm-none-eabi/lib/thumb/v6-m/nofp/libc.a(lib_a-__atexit.o)
                0x0000000000003f1c                __register_exitproc
 .text          0x0000000000003fa4       0xe0 /usr/lib/gcc/arm-none-eabi/10.3.1/../../../arm-none-eabi/lib/thumb/v6-m/nofp/libc.a(lib_a-__call_atexit.o)
                0x0000000000003fa4                __call_exitprocs
 .text          0x0000000000004084        0x4 /usr/lib/gcc/arm-none-eabi/10.3.1/../../../arm-none-eabi/lib/thumb/v6-m/nofp/libnosys.a(_exit.o)
                0x0000000000004084                _exit
 *(.text*)
 .text.startup  0x0000000000004088       0x3c main.o
                0x0000000000004088                main
 .text.startup  0x00000000000040c4       0x18 /usr/lib/gcc/arm-none-eabi/10.3.1/../../../arm-none-eabi/lib/thumb/v6-m/nofp/libc.a(lib_a-__call_atexit.o)
 *(.rodata)
 .rodata        0x00000000000040dc       0x36 BOARD/clock_config.o
                0x00000000000040dc                oscConfig_BOARD_BootClockRUN
                0x00000000000040e4                mcgConfig_BOARD_BootClockRUN
                0x00000000000040f0                simConfig_BOARD_BootClockRUN
                0x00000000000040f8                simConfig_BOARD_BootClockVLPR
                0x0000000000004100                oscConfig_BOARD_BootClockVLPR
                0x0000000000004108                mcgConfig_BOARD_BootClockVLPR
 *fill*         0x0000000000004112        0x2 
 .rodata        0x0000000000004114       0xb4 drivers/fsl_clock.o
 .rodata        0x00000000000041c8       0x1c drivers/fsl_ftfx_cache.o
 .rodata        0x00000000000041e4        0x2 drivers/fsl_smc.o
 *fill*         0x00000000000041e6        0x2 
 .rodata        0x00000000000041e8      0x124 utilities/fsl_str.o
 .rodata        0x000000000000430c        0x4 /usr/lib/gcc/arm-none-eabi/10.3.1/../../../arm-none-eabi/lib/thumb/v6-m/nofp/libc.a(lib_a-impure.o)
                0x000000000000430c                _global_impure_ptr
 *(.rodata*)
 .rodata.str1.4
                0x0000000000004310       0x93 main.o
 *(.glue_7)
 .glue_7        0x00000000000043a3        0x0 linker stubs
 *(.glue_7t)
 .glue_7t       0x00000000000043a3        0x0 linker stubs
 *(.eh_frame)
 *fill*         0x00000000000043a3        0x1 
 .eh_frame      0x00000000000043a4        0x0 /usr/lib/gcc/arm-none-eabi/10.3.1/thumb/v6-m/nofp/crtbegin.o
 *(.init)
 .init          0x00000000000043a4        0x4 /usr/lib/gcc/arm-none-eabi/10.3.1/thumb/v6-m/nofp/crti.o
                0x00000000000043a4                _init
 .init          0x00000000000043a8        0x8 /usr/lib/gcc/arm-none-eabi/10.3.1/thumb/v6-m/nofp/crtn.o
 *(.fini)
 .fini          0x00000000000043b0        0x4 /usr/lib/gcc/arm-none-eabi/10.3.1/thumb/v6-m/nofp/crti.o
                0x00000000000043b0                _fini
 .fini          0x00000000000043b4        0x8 /usr/lib/gcc/arm-none-eabi/10.3.1/thumb/v6-m/nofp/crtn.o
                0x00000000000043bc                . = ALIGN (0x4)

.vfp11_veneer   0x00000000000043bc        0x0
 .vfp11_veneer  0x00000000000043bc        0x0 linker stubs

.v4_bx          0x00000000000043bc        0x0
 .v4_bx         0x00000000000043bc        0x0 linker stubs

.iplt           0x00000000000043bc        0x0
 .iplt          0x00000000000043bc        0x0 /usr/lib/gcc/arm-none-eabi/10.3.1/thumb/v6-m/nofp/crtbegin.o

.ARM.extab
 *(.ARM.extab* .gnu.linkonce.armextab.*)

.ARM            0x00000000000043bc        0x8
                0x00000000000043bc                __exidx_start = .
 *(.ARM.exidx*)
 .ARM.exidx     0x00000000000043bc        0x8 /usr/lib/gcc/arm-none-eabi/10.3.1/../../../arm-none-eabi/lib/thumb/v6-m/nofp/crt0.o
                                         0x10 (size before relaxing)
                0x00000000000043c4                __exidx_end = .

.rel.dyn        0x00000000000043c4        0x0
 .rel.iplt      0x00000000000043c4        0x0 /usr/lib/gcc/arm-none-eabi/10.3.1/thumb/v6-m/nofp/crtbegin.o

.ctors          0x00000000000043c4        0x0
                0x00000000000043c4                __CTOR_LIST__ = .
 *crtbegin.o(.ctors)
 *crtbegin?.o(.ctors)
 *(EXCLUDE_FILE(*crtend.o *crtend?.o) .ctors)
 *(SORT_BY_NAME(.ctors.*))
 *(.ctors)
                0x00000000000043c4                __CTOR_END__ = .

.dtors          0x00000000000043c4        0x0
                0x00000000000043c4                __DTOR_LIST__ = .
 *crtbegin.o(.dtors)
 *crtbegin?.o(.dtors)
 *(EXCLUDE_FILE(*crtend.o *crtend?.o) .dtors)
 *(SORT_BY_NAME(.dtors.*))
 *(.dtors)
                0x00000000000043c4                __DTOR_END__ = .

.preinit_array  0x00000000000043c4        0x0
                0x00000000000043c4                PROVIDE (__preinit_array_start = .)
 *(.preinit_array*)
                0x00000000000043c4                PROVIDE (__preinit_array_end = .)

.init_array     0x00000000000043c4        0x8
                0x00000000000043c4                PROVIDE (__init_array_start = .)
 *(SORT_BY_NAME(.init_array.*))
 .init_array.00000
                0x00000000000043c4        0x4 /usr/lib/gcc/arm-none-eabi/10.3.1/../../../arm-none-eabi/lib/thumb/v6-m/nofp/libc.a(lib_a-__call_atexit.o)
 *(.init_array*)
 .init_array    0x00000000000043c8        0x4 /usr/lib/gcc/arm-none-eabi/10.3.1/thumb/v6-m/nofp/crtbegin.o
                0x00000000000043cc                PROVIDE (__init_array_end = .)

.fini_array     0x00000000000043cc        0x4
                0x00000000000043cc                PROVIDE (__fini_array_start = .)
 *(SORT_BY_NAME(.fini_array.*))
 *(.fini_array*)
 .fini_array    0x00000000000043cc        0x4 /usr/lib/gcc/arm-none-eabi/10.3.1/thumb/v6-m/nofp/crtbegin.o
                0x00000000000043d0                PROVIDE (__fini_array_end = .)
                0x00000000000043d0                __etext = .
                0x00000000000043d0                __DATA_ROM = .

.mtb            0x000000001fffe000        0x0
                0x000000001fffe000                . = ALIGN (0x8)
                0x000000001fffe000                _mtb_start = .
 *(.mtb_buf)
                0x000000001fffe000                . = ALIGN (0x8)
                0x000000001fffe000                _mtb_end = .

.data           0x000000001fffe000      0x440 load address 0x00000000000043d0
                0x000000001fffe000                . = ALIGN (0x4)
                0x000000001fffe000                __DATA_RAM = .
                0x000000001fffe000                __data_start__ = .
 *(.data)
 .data          0x000000001fffe000        0x8 drivers/fsl_clock.o
 .data          0x000000001fffe008        0x4 include/system_MKL46Z4.o
                0x000000001fffe008                SystemCoreClock
 *fill*         0x000000001fffe00c        0x4 
 .data          0x000000001fffe010      0x430 /usr/lib/gcc/arm-none-eabi/10.3.1/../../../arm-none-eabi/lib/thumb/v6-m/nofp/libc.a(lib_a-impure.o)
                0x000000001fffe010                _impure_ptr
 *(.data*)
 *(.jcr*)
                0x000000001fffe440                . = ALIGN (0x4)
                0x000000001fffe440                __data_end__ = .
                0x0000000000004810                __DATA_END = (__DATA_ROM + (__data_end__ - __data_start__))
                0x0000000000040000                text_end = (ORIGIN (m_text) + LENGTH (m_text))
                0x0000000000000001                ASSERT ((__DATA_END <= text_end), region m_text overflowed with text and data)

.tm_clone_table
                0x000000001fffe440        0x0 load address 0x0000000000004810
 .tm_clone_table
                0x000000001fffe440        0x0 /usr/lib/gcc/arm-none-eabi/10.3.1/thumb/v6-m/nofp/crtbegin.o
 .tm_clone_table
                0x000000001fffe440        0x0 /usr/lib/gcc/arm-none-eabi/10.3.1/thumb/v6-m/nofp/crtend.o

.igot.plt       0x000000001fffe440        0x0 load address 0x0000000000004810
 .igot.plt      0x000000001fffe440        0x0 /usr/lib/gcc/arm-none-eabi/10.3.1/thumb/v6-m/nofp/crtbegin.o

.bss            0x000000001fffe440       0x8c load address 0x0000000000004810
                0x000000001fffe440                . = ALIGN (0x4)
                0x000000001fffe440                __START_BSS = .
                0x000000001fffe440                __bss_start__ = .
 *(.bss)
 .bss           0x000000001fffe440       0x1c /usr/lib/gcc/arm-none-eabi/10.3.1/thumb/v6-m/nofp/crtbegin.o
 .bss           0x000000001fffe45c        0x3 main.o
                0x000000001fffe45c                seguridade_state
                0x000000001fffe45d                porta1_state
                0x000000001fffe45e                porta2_state
 *fill*         0x000000001fffe45f        0x1 
 .bss           0x000000001fffe460        0x8 drivers/fsl_clock.o
                0x000000001fffe460                g_xtal0Freq
                0x000000001fffe464                g_xtal32Freq
 .bss           0x000000001fffe468       0x40 drivers/fsl_ftfx_cache.o
 .bss           0x000000001fffe4a8        0x8 drivers/fsl_lpsci.o
 .bss           0x000000001fffe4b0        0x4 drivers/fsl_smc.o
 .bss           0x000000001fffe4b4       0x10 drivers/fsl_uart.o
 .bss           0x000000001fffe4c4        0x8 utilities/fsl_io.o
 *(.bss*)
 *(COMMON)
                0x000000001fffe4cc                . = ALIGN (0x4)
                0x000000001fffe4cc                __bss_end__ = .
                0x000000001fffe4cc                __END_BSS = .

.heap           0x000000001fffe4cc      0x404 load address 0x000000000000489c
                0x000000001fffe4d0                . = ALIGN (0x8)
 *fill*         0x000000001fffe4cc        0x4 
                0x000000001fffe4d0                __end__ = .
                0x000000001fffe4d0                PROVIDE (end = .)
                0x000000001fffe4d0                __HeapBase = .
                0x000000001fffe8d0                . = (. + HEAP_SIZE)
 *fill*         0x000000001fffe4d0      0x400 
                0x000000001fffe8d0                __HeapLimit = .
                0x000000001fffe8d0                __heap_limit = .

.stack          0x000000001fffe8d0      0x400 load address 0x0000000000004ca0
                0x000000001fffe8d0                . = ALIGN (0x8)
                0x000000001fffecd0                . = (. + STACK_SIZE)
 *fill*         0x000000001fffe8d0      0x400 
                0x0000000020006000                __StackTop = (ORIGIN (m_data) + LENGTH (m_data))
                0x0000000020005c00                __StackLimit = (__StackTop - STACK_SIZE)
                0x0000000020006000                PROVIDE (__stack = __StackTop)

.ARM.attributes
                0x0000000000000000       0x28
 *(.ARM.attributes)
 .ARM.attributes
                0x0000000000000000       0x1e /usr/lib/gcc/arm-none-eabi/10.3.1/thumb/v6-m/nofp/crti.o
 .ARM.attributes
                0x000000000000001e       0x2c /usr/lib/gcc/arm-none-eabi/10.3.1/thumb/v6-m/nofp/crtbegin.o
 .ARM.attributes
                0x000000000000004a       0x1b /usr/lib/gcc/arm-none-eabi/10.3.1/../../../arm-none-eabi/lib/thumb/v6-m/nofp/crt0.o
 .ARM.attributes
                0x0000000000000065       0x2c main.o
 .ARM.attributes
                0x0000000000000091       0x2c BOARD/board.o
 .ARM.attributes
                0x00000000000000bd       0x2c BOARD/clock_config.o
 .ARM.attributes
                0x00000000000000e9       0x2c BOARD/pin_mux.o
 .ARM.attributes
                0x0000000000000115       0x2c drivers/fsl_clock.o
 .ARM.attributes
                0x0000000000000141       0x2c drivers/fsl_ftfx_cache.o
 .ARM.attributes
                0x000000000000016d       0x2c drivers/fsl_lpsci.o
 .ARM.attributes
                0x0000000000000199       0x2c drivers/fsl_smc.o
 .ARM.attributes
                0x00000000000001c5       0x2c drivers/fsl_uart.o
 .ARM.attributes
                0x00000000000001f1       0x2c utilities/fsl_debug_console.o
 .ARM.attributes
                0x000000000000021d       0x2c utilities/fsl_io.o
 .ARM.attributes
                0x0000000000000249       0x2c utilities/fsl_log.o
 .ARM.attributes
                0x0000000000000275       0x2c utilities/fsl_str.o
 .ARM.attributes
                0x00000000000002a1       0x2c include/system_MKL46Z4.o
 .ARM.attributes
                0x00000000000002cd       0x1b startup_MKL46Z4.o
 .ARM.attributes
                0x00000000000002e8       0x1e /usr/lib/gcc/arm-none-eabi/10.3.1/thumb/v6-m/nofp/libgcc.a(_udivsi3.o)
 .ARM.attributes
                0x0000000000000306       0x1e /usr/lib/gcc/arm-none-eabi/10.3.1/thumb/v6-m/nofp/libgcc.a(_divsi3.o)
 .ARM.attributes
                0x0000000000000324       0x1e /usr/lib/gcc/arm-none-eabi/10.3.1/thumb/v6-m/nofp/libgcc.a(_dvmd_tls.o)
 .ARM.attributes
                0x0000000000000342       0x2c /usr/lib/gcc/arm-none-eabi/10.3.1/../../../arm-none-eabi/lib/thumb/v6-m/nofp/libc.a(lib_a-atexit.o)
 .ARM.attributes
                0x000000000000036e       0x2c /usr/lib/gcc/arm-none-eabi/10.3.1/../../../arm-none-eabi/lib/thumb/v6-m/nofp/libc.a(lib_a-exit.o)
 .ARM.attributes
                0x000000000000039a       0x2c /usr/lib/gcc/arm-none-eabi/10.3.1/../../../arm-none-eabi/lib/thumb/v6-m/nofp/libc.a(lib_a-fini.o)
 .ARM.attributes
                0x00000000000003c6       0x2c /usr/lib/gcc/arm-none-eabi/10.3.1/../../../arm-none-eabi/lib/thumb/v6-m/nofp/libc.a(lib_a-impure.o)
 .ARM.attributes
                0x00000000000003f2       0x2c /usr/lib/gcc/arm-none-eabi/10.3.1/../../../arm-none-eabi/lib/thumb/v6-m/nofp/libc.a(lib_a-init.o)
 .ARM.attributes
                0x000000000000041e       0x2c /usr/lib/gcc/arm-none-eabi/10.3.1/../../../arm-none-eabi/lib/thumb/v6-m/nofp/libc.a(lib_a-memcpy-stub.o)
 .ARM.attributes
                0x000000000000044a       0x2c /usr/lib/gcc/arm-none-eabi/10.3.1/../../../arm-none-eabi/lib/thumb/v6-m/nofp/libc.a(lib_a-memset.o)
 .ARM.attributes
                0x0000000000000476       0x2c /usr/lib/gcc/arm-none-eabi/10.3.1/../../../arm-none-eabi/lib/thumb/v6-m/nofp/libc.a(lib_a-strlen-stub.o)
 .ARM.attributes
                0x00000000000004a2       0x2c /usr/lib/gcc/arm-none-eabi/10.3.1/../../../arm-none-eabi/lib/thumb/v6-m/nofp/libc.a(lib_a-__atexit.o)
 .ARM.attributes
                0x00000000000004ce       0x2c /usr/lib/gcc/arm-none-eabi/10.3.1/../../../arm-none-eabi/lib/thumb/v6-m/nofp/libc.a(lib_a-__call_atexit.o)
 .ARM.attributes
                0x00000000000004fa       0x2c /usr/lib/gcc/arm-none-eabi/10.3.1/../../../arm-none-eabi/lib/thumb/v6-m/nofp/libnosys.a(_exit.o)
 .ARM.attributes
                0x0000000000000526       0x2c /usr/lib/gcc/arm-none-eabi/10.3.1/thumb/v6-m/nofp/crtend.o
 .ARM.attributes
                0x0000000000000552       0x1e /usr/lib/gcc/arm-none-eabi/10.3.1/thumb/v6-m/nofp/crtn.o
                0x0000000000000001                ASSERT ((__StackLimit >= __HeapLimit), region m_data overflowed with stack and heap)
START GROUP
LOAD /usr/lib/gcc/arm-none-eabi/10.3.1/thumb/v6-m/nofp/libgcc.a
LOAD /usr/lib/gcc/arm-none-eabi/10.3.1/../../../arm-none-eabi/lib/thumb/v6-m/nofp/libc.a
END GROUP
START GROUP
LOAD /usr/lib/gcc/arm-none-eabi/10.3.1/thumb/v6-m/nofp/libgcc.a
LOAD /usr/lib/gcc/arm-none-eabi/10.3.1/../../../arm-none-eabi/lib/thumb/v6-m/nofp/libc.a
LOAD /usr/lib/gcc/arm-none-eabi/10.3.1/../../../arm-none-eabi/lib/thumb/v6-m/nofp/libnosys.a
END GROUP
LOAD /usr/lib/gcc/arm-none-eabi/10.3.1/thumb/v6-m/nofp/crtend.o
LOAD /usr/lib/gcc/arm-none-eabi/10.3.1/thumb/v6-m/nofp/crtn.o
OUTPUT(main.elf elf32-littlearm)
LOAD linker stubs

.comment        0x0000000000000000       0x33
 .comment       0x0000000000000000       0x33 /usr/lib/gcc/arm-none-eabi/10.3.1/thumb/v6-m/nofp/crtbegin.o
                                         0x34 (size before relaxing)
 .comment       0x0000000000000033       0x34 main.o
 .comment       0x0000000000000033       0x34 BOARD/board.o
 .comment       0x0000000000000033       0x34 BOARD/clock_config.o
 .comment       0x0000000000000033       0x34 BOARD/pin_mux.o
 .comment       0x0000000000000033       0x34 drivers/fsl_clock.o
 .comment       0x0000000000000033       0x34 drivers/fsl_ftfx_cache.o
 .comment       0x0000000000000033       0x34 drivers/fsl_lpsci.o
 .comment       0x0000000000000033       0x34 drivers/fsl_smc.o
 .comment       0x0000000000000033       0x34 drivers/fsl_uart.o
 .comment       0x0000000000000033       0x34 utilities/fsl_debug_console.o
 .comment       0x0000000000000033       0x34 utilities/fsl_io.o
 .comment       0x0000000000000033       0x34 utilities/fsl_log.o
 .comment       0x0000000000000033       0x34 utilities/fsl_str.o
 .comment       0x0000000000000033       0x34 include/system_MKL46Z4.o
 .comment       0x0000000000000033       0x34 /usr/lib/gcc/arm-none-eabi/10.3.1/../../../arm-none-eabi/lib/thumb/v6-m/nofp/libc.a(lib_a-atexit.o)
 .comment       0x0000000000000033       0x34 /usr/lib/gcc/arm-none-eabi/10.3.1/../../../arm-none-eabi/lib/thumb/v6-m/nofp/libc.a(lib_a-exit.o)
 .comment       0x0000000000000033       0x34 /usr/lib/gcc/arm-none-eabi/10.3.1/../../../arm-none-eabi/lib/thumb/v6-m/nofp/libc.a(lib_a-fini.o)
 .comment       0x0000000000000033       0x34 /usr/lib/gcc/arm-none-eabi/10.3.1/../../../arm-none-eabi/lib/thumb/v6-m/nofp/libc.a(lib_a-impure.o)
 .comment       0x0000000000000033       0x34 /usr/lib/gcc/arm-none-eabi/10.3.1/../../../arm-none-eabi/lib/thumb/v6-m/nofp/libc.a(lib_a-init.o)
 .comment       0x0000000000000033       0x34 /usr/lib/gcc/arm-none-eabi/10.3.1/../../../arm-none-eabi/lib/thumb/v6-m/nofp/libc.a(lib_a-memcpy-stub.o)
 .comment       0x0000000000000033       0x34 /usr/lib/gcc/arm-none-eabi/10.3.1/../../../arm-none-eabi/lib/thumb/v6-m/nofp/libc.a(lib_a-memset.o)
 .comment       0x0000000000000033       0x34 /usr/lib/gcc/arm-none-eabi/10.3.1/../../../arm-none-eabi/lib/thumb/v6-m/nofp/libc.a(lib_a-strlen-stub.o)
 .comment       0x0000000000000033       0x34 /usr/lib/gcc/arm-none-eabi/10.3.1/../../../arm-none-eabi/lib/thumb/v6-m/nofp/libc.a(lib_a-__atexit.o)
 .comment       0x0000000000000033       0x34 /usr/lib/gcc/arm-none-eabi/10.3.1/../../../arm-none-eabi/lib/thumb/v6-m/nofp/libc.a(lib_a-__call_atexit.o)
 .comment       0x0000000000000033       0x34 /usr/lib/gcc/arm-none-eabi/10.3.1/../../../arm-none-eabi/lib/thumb/v6-m/nofp/libnosys.a(_exit.o)
 .comment       0x0000000000000033       0x34 /usr/lib/gcc/arm-none-eabi/10.3.1/thumb/v6-m/nofp/crtend.o

.debug_line     0x0000000000000000     0x10c4
 .debug_line    0x0000000000000000       0x8c /usr/lib/gcc/arm-none-eabi/10.3.1/../../../arm-none-eabi/lib/thumb/v6-m/nofp/crt0.o
 .debug_line    0x000000000000008c       0x6c /usr/lib/gcc/arm-none-eabi/10.3.1/thumb/v6-m/nofp/libgcc.a(_udivsi3.o)
 .debug_line    0x00000000000000f8       0x73 /usr/lib/gcc/arm-none-eabi/10.3.1/thumb/v6-m/nofp/libgcc.a(_divsi3.o)
 .debug_line    0x000000000000016b       0x60 /usr/lib/gcc/arm-none-eabi/10.3.1/thumb/v6-m/nofp/libgcc.a(_dvmd_tls.o)
 .debug_line    0x00000000000001cb       0xc3 /usr/lib/gcc/arm-none-eabi/10.3.1/../../../arm-none-eabi/lib/thumb/v6-m/nofp/libc.a(lib_a-atexit.o)
 .debug_line    0x000000000000028e      0x179 /usr/lib/gcc/arm-none-eabi/10.3.1/../../../arm-none-eabi/lib/thumb/v6-m/nofp/libc.a(lib_a-exit.o)
 .debug_line    0x0000000000000407       0xef /usr/lib/gcc/arm-none-eabi/10.3.1/../../../arm-none-eabi/lib/thumb/v6-m/nofp/libc.a(lib_a-fini.o)
 .debug_line    0x00000000000004f6       0xe4 /usr/lib/gcc/arm-none-eabi/10.3.1/../../../arm-none-eabi/lib/thumb/v6-m/nofp/libc.a(lib_a-impure.o)
 .debug_line    0x00000000000005da      0x127 /usr/lib/gcc/arm-none-eabi/10.3.1/../../../arm-none-eabi/lib/thumb/v6-m/nofp/libc.a(lib_a-init.o)
 .debug_line    0x0000000000000701      0x1b5 /usr/lib/gcc/arm-none-eabi/10.3.1/../../../arm-none-eabi/lib/thumb/v6-m/nofp/libc.a(lib_a-memcpy-stub.o)
 .debug_line    0x00000000000008b6      0x1ce /usr/lib/gcc/arm-none-eabi/10.3.1/../../../arm-none-eabi/lib/thumb/v6-m/nofp/libc.a(lib_a-memset.o)
 .debug_line    0x0000000000000a84      0x172 /usr/lib/gcc/arm-none-eabi/10.3.1/../../../arm-none-eabi/lib/thumb/v6-m/nofp/libc.a(lib_a-strlen-stub.o)
 .debug_line    0x0000000000000bf6      0x1b8 /usr/lib/gcc/arm-none-eabi/10.3.1/../../../arm-none-eabi/lib/thumb/v6-m/nofp/libc.a(lib_a-__atexit.o)
 .debug_line    0x0000000000000dae      0x2a1 /usr/lib/gcc/arm-none-eabi/10.3.1/../../../arm-none-eabi/lib/thumb/v6-m/nofp/libc.a(lib_a-__call_atexit.o)
 .debug_line    0x000000000000104f       0x75 /usr/lib/gcc/arm-none-eabi/10.3.1/../../../arm-none-eabi/lib/thumb/v6-m/nofp/libnosys.a(_exit.o)

.debug_info     0x0000000000000000     0x2e5e
 .debug_info    0x0000000000000000       0x26 /usr/lib/gcc/arm-none-eabi/10.3.1/../../../arm-none-eabi/lib/thumb/v6-m/nofp/crt0.o
 .debug_info    0x0000000000000026       0x26 /usr/lib/gcc/arm-none-eabi/10.3.1/thumb/v6-m/nofp/libgcc.a(_udivsi3.o)
 .debug_info    0x000000000000004c       0x26 /usr/lib/gcc/arm-none-eabi/10.3.1/thumb/v6-m/nofp/libgcc.a(_divsi3.o)
 .debug_info    0x0000000000000072       0x26 /usr/lib/gcc/arm-none-eabi/10.3.1/thumb/v6-m/nofp/libgcc.a(_dvmd_tls.o)
 .debug_info    0x0000000000000098      0x100 /usr/lib/gcc/arm-none-eabi/10.3.1/../../../arm-none-eabi/lib/thumb/v6-m/nofp/libc.a(lib_a-atexit.o)
 .debug_info    0x0000000000000198      0x969 /usr/lib/gcc/arm-none-eabi/10.3.1/../../../arm-none-eabi/lib/thumb/v6-m/nofp/libc.a(lib_a-exit.o)
 .debug_info    0x0000000000000b01      0x102 /usr/lib/gcc/arm-none-eabi/10.3.1/../../../arm-none-eabi/lib/thumb/v6-m/nofp/libc.a(lib_a-fini.o)
 .debug_info    0x0000000000000c03      0x92a /usr/lib/gcc/arm-none-eabi/10.3.1/../../../arm-none-eabi/lib/thumb/v6-m/nofp/libc.a(lib_a-impure.o)
 .debug_info    0x000000000000152d      0x11a /usr/lib/gcc/arm-none-eabi/10.3.1/../../../arm-none-eabi/lib/thumb/v6-m/nofp/libc.a(lib_a-init.o)
 .debug_info    0x0000000000001647      0x15c /usr/lib/gcc/arm-none-eabi/10.3.1/../../../arm-none-eabi/lib/thumb/v6-m/nofp/libc.a(lib_a-memcpy-stub.o)
 .debug_info    0x00000000000017a3      0x13d /usr/lib/gcc/arm-none-eabi/10.3.1/../../../arm-none-eabi/lib/thumb/v6-m/nofp/libc.a(lib_a-memset.o)
 .debug_info    0x00000000000018e0       0xee /usr/lib/gcc/arm-none-eabi/10.3.1/../../../arm-none-eabi/lib/thumb/v6-m/nofp/libc.a(lib_a-strlen-stub.o)
 .debug_info    0x00000000000019ce      0x9b0 /usr/lib/gcc/arm-none-eabi/10.3.1/../../../arm-none-eabi/lib/thumb/v6-m/nofp/libc.a(lib_a-__atexit.o)
 .debug_info    0x000000000000237e      0xa3d /usr/lib/gcc/arm-none-eabi/10.3.1/../../../arm-none-eabi/lib/thumb/v6-m/nofp/libc.a(lib_a-__call_atexit.o)
 .debug_info    0x0000000000002dbb       0xa3 /usr/lib/gcc/arm-none-eabi/10.3.1/../../../arm-none-eabi/lib/thumb/v6-m/nofp/libnosys.a(_exit.o)

.debug_abbrev   0x0000000000000000      0xdc2
 .debug_abbrev  0x0000000000000000       0x14 /usr/lib/gcc/arm-none-eabi/10.3.1/../../../arm-none-eabi/lib/thumb/v6-m/nofp/crt0.o
 .debug_abbrev  0x0000000000000014       0x14 /usr/lib/gcc/arm-none-eabi/10.3.1/thumb/v6-m/nofp/libgcc.a(_udivsi3.o)
 .debug_abbrev  0x0000000000000028       0x14 /usr/lib/gcc/arm-none-eabi/10.3.1/thumb/v6-m/nofp/libgcc.a(_divsi3.o)
 .debug_abbrev  0x000000000000003c       0x14 /usr/lib/gcc/arm-none-eabi/10.3.1/thumb/v6-m/nofp/libgcc.a(_dvmd_tls.o)
 .debug_abbrev  0x0000000000000050       0xb4 /usr/lib/gcc/arm-none-eabi/10.3.1/../../../arm-none-eabi/lib/thumb/v6-m/nofp/libc.a(lib_a-atexit.o)
 .debug_abbrev  0x0000000000000104      0x20c /usr/lib/gcc/arm-none-eabi/10.3.1/../../../arm-none-eabi/lib/thumb/v6-m/nofp/libc.a(lib_a-exit.o)
 .debug_abbrev  0x0000000000000310       0xcc /usr/lib/gcc/arm-none-eabi/10.3.1/../../../arm-none-eabi/lib/thumb/v6-m/nofp/libc.a(lib_a-fini.o)
 .debug_abbrev  0x00000000000003dc      0x1b8 /usr/lib/gcc/arm-none-eabi/10.3.1/../../../arm-none-eabi/lib/thumb/v6-m/nofp/libc.a(lib_a-impure.o)
 .debug_abbrev  0x0000000000000594       0xcc /usr/lib/gcc/arm-none-eabi/10.3.1/../../../arm-none-eabi/lib/thumb/v6-m/nofp/libc.a(lib_a-init.o)
 .debug_abbrev  0x0000000000000660       0xc7 /usr/lib/gcc/arm-none-eabi/10.3.1/../../../arm-none-eabi/lib/thumb/v6-m/nofp/libc.a(lib_a-memcpy-stub.o)
 .debug_abbrev  0x0000000000000727       0xb4 /usr/lib/gcc/arm-none-eabi/10.3.1/../../../arm-none-eabi/lib/thumb/v6-m/nofp/libc.a(lib_a-memset.o)
 .debug_abbrev  0x00000000000007db       0x8f /usr/lib/gcc/arm-none-eabi/10.3.1/../../../arm-none-eabi/lib/thumb/v6-m/nofp/libc.a(lib_a-strlen-stub.o)
 .debug_abbrev  0x000000000000086a      0x23f /usr/lib/gcc/arm-none-eabi/10.3.1/../../../arm-none-eabi/lib/thumb/v6-m/nofp/libc.a(lib_a-__atexit.o)
 .debug_abbrev  0x0000000000000aa9      0x2af /usr/lib/gcc/arm-none-eabi/10.3.1/../../../arm-none-eabi/lib/thumb/v6-m/nofp/libc.a(lib_a-__call_atexit.o)
 .debug_abbrev  0x0000000000000d58       0x6a /usr/lib/gcc/arm-none-eabi/10.3.1/../../../arm-none-eabi/lib/thumb/v6-m/nofp/libnosys.a(_exit.o)

.debug_aranges  0x0000000000000000      0x1e0
 .debug_aranges
                0x0000000000000000       0x20 /usr/lib/gcc/arm-none-eabi/10.3.1/../../../arm-none-eabi/lib/thumb/v6-m/nofp/crt0.o
 .debug_aranges
                0x0000000000000020       0x20 /usr/lib/gcc/arm-none-eabi/10.3.1/thumb/v6-m/nofp/libgcc.a(_udivsi3.o)
 .debug_aranges
                0x0000000000000040       0x20 /usr/lib/gcc/arm-none-eabi/10.3.1/thumb/v6-m/nofp/libgcc.a(_divsi3.o)
 .debug_aranges
                0x0000000000000060       0x20 /usr/lib/gcc/arm-none-eabi/10.3.1/thumb/v6-m/nofp/libgcc.a(_dvmd_tls.o)
 .debug_aranges
                0x0000000000000080       0x20 /usr/lib/gcc/arm-none-eabi/10.3.1/../../../arm-none-eabi/lib/thumb/v6-m/nofp/libc.a(lib_a-atexit.o)
 .debug_aranges
                0x00000000000000a0       0x20 /usr/lib/gcc/arm-none-eabi/10.3.1/../../../arm-none-eabi/lib/thumb/v6-m/nofp/libc.a(lib_a-exit.o)
 .debug_aranges
                0x00000000000000c0       0x20 /usr/lib/gcc/arm-none-eabi/10.3.1/../../../arm-none-eabi/lib/thumb/v6-m/nofp/libc.a(lib_a-fini.o)
 .debug_aranges
                0x00000000000000e0       0x18 /usr/lib/gcc/arm-none-eabi/10.3.1/../../../arm-none-eabi/lib/thumb/v6-m/nofp/libc.a(lib_a-impure.o)
 .debug_aranges
                0x00000000000000f8       0x20 /usr/lib/gcc/arm-none-eabi/10.3.1/../../../arm-none-eabi/lib/thumb/v6-m/nofp/libc.a(lib_a-init.o)
 .debug_aranges
                0x0000000000000118       0x20 /usr/lib/gcc/arm-none-eabi/10.3.1/../../../arm-none-eabi/lib/thumb/v6-m/nofp/libc.a(lib_a-memcpy-stub.o)
 .debug_aranges
                0x0000000000000138       0x20 /usr/lib/gcc/arm-none-eabi/10.3.1/../../../arm-none-eabi/lib/thumb/v6-m/nofp/libc.a(lib_a-memset.o)
 .debug_aranges
                0x0000000000000158       0x20 /usr/lib/gcc/arm-none-eabi/10.3.1/../../../arm-none-eabi/lib/thumb/v6-m/nofp/libc.a(lib_a-strlen-stub.o)
 .debug_aranges
                0x0000000000000178       0x20 /usr/lib/gcc/arm-none-eabi/10.3.1/../../../arm-none-eabi/lib/thumb/v6-m/nofp/libc.a(lib_a-__atexit.o)
 .debug_aranges
                0x0000000000000198       0x28 /usr/lib/gcc/arm-none-eabi/10.3.1/../../../arm-none-eabi/lib/thumb/v6-m/nofp/libc.a(lib_a-__call_atexit.o)
 .debug_aranges
                0x00000000000001c0       0x20 /usr/lib/gcc/arm-none-eabi/10.3.1/../../../arm-none-eabi/lib/thumb/v6-m/nofp/libnosys.a(_exit.o)

.debug_str      0x0000000000000000      0xc1a
 .debug_str     0x0000000000000000       0x94 /usr/lib/gcc/arm-none-eabi/10.3.1/../../../arm-none-eabi/lib/thumb/v6-m/nofp/crt0.o
 .debug_str     0x0000000000000094       0x9a /usr/lib/gcc/arm-none-eabi/10.3.1/thumb/v6-m/nofp/libgcc.a(_udivsi3.o)
                                         0xa6 (size before relaxing)
 .debug_str     0x000000000000012e       0xa6 /usr/lib/gcc/arm-none-eabi/10.3.1/thumb/v6-m/nofp/libgcc.a(_divsi3.o)
 .debug_str     0x000000000000012e       0xa6 /usr/lib/gcc/arm-none-eabi/10.3.1/thumb/v6-m/nofp/libgcc.a(_dvmd_tls.o)
 .debug_str     0x000000000000012e      0x19d /usr/lib/gcc/arm-none-eabi/10.3.1/../../../arm-none-eabi/lib/thumb/v6-m/nofp/libc.a(lib_a-atexit.o)
                                        0x1dd (size before relaxing)
 .debug_str     0x00000000000002cb      0x406 /usr/lib/gcc/arm-none-eabi/10.3.1/../../../arm-none-eabi/lib/thumb/v6-m/nofp/libc.a(lib_a-exit.o)
                                        0x584 (size before relaxing)
 .debug_str     0x00000000000006d1       0xc4 /usr/lib/gcc/arm-none-eabi/10.3.1/../../../arm-none-eabi/lib/thumb/v6-m/nofp/libc.a(lib_a-fini.o)
                                        0x1d5 (size before relaxing)
 .debug_str     0x0000000000000795       0x97 /usr/lib/gcc/arm-none-eabi/10.3.1/../../../arm-none-eabi/lib/thumb/v6-m/nofp/libc.a(lib_a-impure.o)
                                        0x57b (size before relaxing)
 .debug_str     0x000000000000082c       0x96 /usr/lib/gcc/arm-none-eabi/10.3.1/../../../arm-none-eabi/lib/thumb/v6-m/nofp/libc.a(lib_a-init.o)
                                        0x1ff (size before relaxing)
 .debug_str     0x00000000000008c2       0xcd /usr/lib/gcc/arm-none-eabi/10.3.1/../../../arm-none-eabi/lib/thumb/v6-m/nofp/libc.a(lib_a-memcpy-stub.o)
                                        0x1d9 (size before relaxing)
 .debug_str     0x000000000000098f       0xa8 /usr/lib/gcc/arm-none-eabi/10.3.1/../../../arm-none-eabi/lib/thumb/v6-m/nofp/libc.a(lib_a-memset.o)
                                        0x1b4 (size before relaxing)
 .debug_str     0x0000000000000a37       0x48 /usr/lib/gcc/arm-none-eabi/10.3.1/../../../arm-none-eabi/lib/thumb/v6-m/nofp/libc.a(lib_a-strlen-stub.o)
                                        0x1c5 (size before relaxing)
 .debug_str     0x0000000000000a7f       0x3b /usr/lib/gcc/arm-none-eabi/10.3.1/../../../arm-none-eabi/lib/thumb/v6-m/nofp/libc.a(lib_a-__atexit.o)
                                        0x5b5 (size before relaxing)
 .debug_str     0x0000000000000aba       0x7c /usr/lib/gcc/arm-none-eabi/10.3.1/../../../arm-none-eabi/lib/thumb/v6-m/nofp/libc.a(lib_a-__call_atexit.o)
                                        0x5e1 (size before relaxing)
 .debug_str     0x0000000000000b36       0xe4 /usr/lib/gcc/arm-none-eabi/10.3.1/../../../arm-none-eabi/lib/thumb/v6-m/nofp/libnosys.a(_exit.o)
                                        0x17a (size before relaxing)

.debug_frame    0x0000000000000000      0x220
 .debug_frame   0x0000000000000000       0x20 /usr/lib/gcc/arm-none-eabi/10.3.1/thumb/v6-m/nofp/libgcc.a(_udivsi3.o)
 .debug_frame   0x0000000000000020       0x20 /usr/lib/gcc/arm-none-eabi/10.3.1/thumb/v6-m/nofp/libgcc.a(_divsi3.o)
 .debug_frame   0x0000000000000040       0x28 /usr/lib/gcc/arm-none-eabi/10.3.1/../../../arm-none-eabi/lib/thumb/v6-m/nofp/libc.a(lib_a-atexit.o)
 .debug_frame   0x0000000000000068       0x28 /usr/lib/gcc/arm-none-eabi/10.3.1/../../../arm-none-eabi/lib/thumb/v6-m/nofp/libc.a(lib_a-exit.o)
 .debug_frame   0x0000000000000090       0x2c /usr/lib/gcc/arm-none-eabi/10.3.1/../../../arm-none-eabi/lib/thumb/v6-m/nofp/libc.a(lib_a-fini.o)
 .debug_frame   0x00000000000000bc       0x2c /usr/lib/gcc/arm-none-eabi/10.3.1/../../../arm-none-eabi/lib/thumb/v6-m/nofp/libc.a(lib_a-init.o)
 .debug_frame   0x00000000000000e8       0x34 /usr/lib/gcc/arm-none-eabi/10.3.1/../../../arm-none-eabi/lib/thumb/v6-m/nofp/libc.a(lib_a-memcpy-stub.o)
 .debug_frame   0x000000000000011c       0x30 /usr/lib/gcc/arm-none-eabi/10.3.1/../../../arm-none-eabi/lib/thumb/v6-m/nofp/libc.a(lib_a-memset.o)
 .debug_frame   0x000000000000014c       0x28 /usr/lib/gcc/arm-none-eabi/10.3.1/../../../arm-none-eabi/lib/thumb/v6-m/nofp/libc.a(lib_a-strlen-stub.o)
 .debug_frame   0x0000000000000174       0x38 /usr/lib/gcc/arm-none-eabi/10.3.1/../../../arm-none-eabi/lib/thumb/v6-m/nofp/libc.a(lib_a-__atexit.o)
 .debug_frame   0x00000000000001ac       0x54 /usr/lib/gcc/arm-none-eabi/10.3.1/../../../arm-none-eabi/lib/thumb/v6-m/nofp/libc.a(lib_a-__call_atexit.o)
 .debug_frame   0x0000000000000200       0x20 /usr/lib/gcc/arm-none-eabi/10.3.1/../../../arm-none-eabi/lib/thumb/v6-m/nofp/libnosys.a(_exit.o)

.debug_loc      0x0000000000000000      0xc5e
 .debug_loc     0x0000000000000000       0x32 /usr/lib/gcc/arm-none-eabi/10.3.1/../../../arm-none-eabi/lib/thumb/v6-m/nofp/libc.a(lib_a-atexit.o)
 .debug_loc     0x0000000000000032       0x22 /usr/lib/gcc/arm-none-eabi/10.3.1/../../../arm-none-eabi/lib/thumb/v6-m/nofp/libc.a(lib_a-exit.o)
 .debug_loc     0x0000000000000054       0x46 /usr/lib/gcc/arm-none-eabi/10.3.1/../../../arm-none-eabi/lib/thumb/v6-m/nofp/libc.a(lib_a-fini.o)
 .debug_loc     0x000000000000009a       0x98 /usr/lib/gcc/arm-none-eabi/10.3.1/../../../arm-none-eabi/lib/thumb/v6-m/nofp/libc.a(lib_a-init.o)
 .debug_loc     0x0000000000000132      0x457 /usr/lib/gcc/arm-none-eabi/10.3.1/../../../arm-none-eabi/lib/thumb/v6-m/nofp/libc.a(lib_a-memcpy-stub.o)
 .debug_loc     0x0000000000000589      0x2a3 /usr/lib/gcc/arm-none-eabi/10.3.1/../../../arm-none-eabi/lib/thumb/v6-m/nofp/libc.a(lib_a-memset.o)
 .debug_loc     0x000000000000082c       0x90 /usr/lib/gcc/arm-none-eabi/10.3.1/../../../arm-none-eabi/lib/thumb/v6-m/nofp/libc.a(lib_a-strlen-stub.o)
 .debug_loc     0x00000000000008bc      0x164 /usr/lib/gcc/arm-none-eabi/10.3.1/../../../arm-none-eabi/lib/thumb/v6-m/nofp/libc.a(lib_a-__atexit.o)
 .debug_loc     0x0000000000000a20      0x229 /usr/lib/gcc/arm-none-eabi/10.3.1/../../../arm-none-eabi/lib/thumb/v6-m/nofp/libc.a(lib_a-__call_atexit.o)
 .debug_loc     0x0000000000000c49       0x15 /usr/lib/gcc/arm-none-eabi/10.3.1/../../../arm-none-eabi/lib/thumb/v6-m/nofp/libnosys.a(_exit.o)

.debug_ranges   0x0000000000000000       0x40
 .debug_ranges  0x0000000000000000       0x40 /usr/lib/gcc/arm-none-eabi/10.3.1/../../../arm-none-eabi/lib/thumb/v6-m/nofp/libc.a(lib_a-__call_atexit.o)
